
> talas-app@0.1.0 build
> next build

Γû▓ Next.js 16.2.4 (Turbopack)
- Environments: .env.local, .env

node.exe : ΓÜá The "middleware" file convention is deprecated. Please use 
"proxy" instead. Learn more: 
https://nextjs.org/docs/messages/middleware-to-proxy
At line:1 char:1
+ & "C:\Program Files\nodejs/node.exe" "C:\Program Files\nodejs/node_mo ...
+ ~~~~~~~~~~~~~~~~~~~~~~~~~~~~~~~~~~~~~~~~~~~~~~~~~~~~~~~~~~~~~~~~~~~~~
    + CategoryInfo          : NotSpecified: (ΓÜá The "middle...leware-to-proxy 
   :String) [], RemoteException
    + FullyQualifiedErrorId : NativeCommandError
 
  Creating an optimized production build ...
Γ£ô Compiled successfully in 3.8s
  Running TypeScript ...
  Finished TypeScript in 7.1s ...
  Collecting page data using 15 workers ...
  Generating static pages using 15 workers (0/20) ...
  Generating static pages using 15 workers (5/20) 
  Generating static pages using 15 workers (10/20) 
  Generating static pages using 15 workers (15/20) 
Γ£ô Generating static pages using 15 workers (20/20) in 461ms
  Finalizing page optimization ...

Route (app)
Γöî Γùï /
Γö£ Γùï /_not-found
Γö£ Γùï /about
Γö£ ╞Æ /api/notifications
Γö£ ╞Æ /api/profile/editProfile
Γö£ ╞Æ /api/project/edit
Γö£ ╞Æ /api/project/uploadImage
Γö£ ╞Æ /api/trpc/[...trpc]
Γö£ ╞Æ /create-project
Γö£ ╞Æ /feeds
Γö£ Γùï /icon.svg
Γö£ ╞Æ /notification
Γö£ ╞Æ /notifications
Γö£ ╞Æ /profile
Γö£ ╞Æ /profile/[username]
Γö£ ╞Æ /profile/[username]/edit
Γö£ ╞Æ /project
Γö£ ╞Æ /project/[id]
Γö£ ╞Æ /project/[id]/edit
Γö£ ╞Æ /saved
Γö£ ╞Æ /search
Γö£ ╞Æ /settings
Γö£ ╞Æ /settings/archive
Γöö ╞Æ /sign-in/[[...sign-in]]


╞Æ Proxy (Middleware)

Γùï  (Static)   prerendered as static content
╞Æ  (Dynamic)  server-rendered on demand

